2026-09-21T20:00:00Z 200 66.93
2026-09-21T20:00:00Z 404 21.85
2026-09-21T20:00:00Z 500 142.33
2026-09-21T20:00:00Z 500 91.29
2026-09-21T20:00:00Z 200 10.14
2026-09-21T20:00:00Z 500 186.20
2026-09-21T20:00:00Z 200 71.16
2026-09-21T20:00:00Z 200 50.60
2026-09-21T20:00:00Z 200 48.12
2026-09-21T20:00:00Z 200 134.95
2026-09-21T20:00:00Z 404 169.70
2026-09-21T20:00:00Z 404 189.45
2026-09-21T20:00:00Z 500 48.38
2026-09-21T20:00:00Z 500 184.55
2026-09-21T20:00:00Z 404 21.15
2026-09-21T20:00:00Z 200 165.12
2026-09-21T20:00:00Z 200 195.21
2026-09-21T20:00:00Z 200 83.95
2026-09-21T20:00:00Z 200 163.11
2026-09-21T20:00:00Z 404 19.43
2026-09-21T20:00:00Z 500 81.86
2026-09-21T20:00:00Z 404 68.17
2026-09-21T20:00:00Z 200 32.95
2026-09-21T20:00:00Z 200 169.25
2026-09-21T20:00:00Z 200 34.33
2026-09-21T20:00:00Z 404 40.65
2026-09-21T20:00:00Z 200 37.65
2026-09-21T20:00:00Z 500 13.84
2026-09-21T20:00:00Z 404 93.53
2026-09-21T20:00:00Z 200 87.73
2026-09-21T20:00:00Z 404 173.67
2026-09-21T20:00:00Z 200 40.64
2026-09-21T20:00:00Z 200 125.03
2026-09-21T20:00:00Z 200 187.39
2026-09-21T20:00:00Z 404 48.25
2026-09-21T20:00:00Z 500 89.93
2026-09-21T20:00:00Z 200 80.74
2026-09-21T20:00:00Z 404 142.27
2026-09-21T20:00:00Z 200 184.63
2026-09-21T20:00:00Z 200 54.83
2026-09-21T20:00:00Z 200 54.73
2026-09-21T20:00:00Z 404 116.21
2026-09-21T20:00:00Z 200 88.71
2026-09-21T20:00:00Z 200 144.27
2026-09-21T20:00:00Z 200 157.03
2026-09-21T20:00:00Z 200 16.68
2026-09-21T20:00:00Z 500 170.55
2026-09-21T20:00:00Z 200 128.31
2026-09-21T20:00:00Z 500 101.92
2026-09-21T20:00:00Z 200 156.54
2026-09-21T20:00:00Z 200 146.31
2026-09-21T20:00:00Z 200 103.88
2026-09-21T20:00:00Z 200 173.10
2026-09-21T20:00:00Z 200 131.19
2026-09-21T20:00:00Z 500 47.53
2026-09-21T20:00:00Z 404 199.49
2026-09-21T20:00:00Z 200 142.74
2026-09-21T20:00:00Z 500 77.39
2026-09-21T20:00:00Z 200 28.72
2026-09-21T20:00:00Z 500 48.40
2026-09-21T20:00:00Z 500 104.08
2026-09-21T20:00:00Z 200 89.68
2026-09-21T20:00:00Z 200 71.37
2026-09-21T20:00:00Z 200 143.71
2026-09-21T20:00:00Z 200 65.92
2026-09-21T20:00:00Z 200 83.40
2026-09-21T20:00:00Z 404 14.16
2026-09-21T20:00:00Z 404 56.08
2026-09-21T20:00:00Z 200 101.05
2026-09-21T20:00:00Z 404 58.42
2026-09-21T20:00:00Z 200 116.95
2026-09-21T20:00:00Z 404 65.53
2026-09-21T20:00:00Z 500 15.17
2026-09-21T20:00:00Z 200 62.22
2026-09-21T20:00:00Z 500 120.69
2026-09-21T20:00:00Z 200 54.38
2026-09-21T20:00:00Z 500 91.11
2026-09-21T20:00:00Z 200 40.79
2026-09-21T20:00:00Z 500 140.88
2026-09-21T20:00:00Z 200 92.98
2026-09-21T20:00:00Z 200 94.32
2026-09-21T20:00:00Z 404 139.66
2026-09-21T20:00:00Z 200 189.44
2026-09-21T20:00:00Z 200 66.03
2026-09-21T20:00:00Z 200 24.60
2026-09-21T20:00:00Z 200 127.81
2026-09-21T20:00:00Z 200 146.87
2026-09-21T20:00:00Z 200 180.61
2026-09-21T20:00:00Z 500 174.66
2026-09-21T20:00:00Z 404 71.40
2026-09-21T20:00:00Z 500 117.32
2026-09-21T20:00:00Z 200 46.44
2026-09-21T20:00:00Z 200 70.50
2026-09-21T20:00:00Z 200 110.29
2026-09-21T20:00:00Z 500 178.69
2026-09-21T20:00:00Z 200 35.31
2026-09-21T20:00:00Z 200 146.66
2026-09-21T20:00:00Z 200 158.63
2026-09-21T20:00:00Z 200 76.67
2026-09-21T20:00:00Z 200 152.75
